Archive member included to satisfy reference by file (symbol)

.\CortexM3\ARM_GCC_541\Debug\Timer01.a(Timer_1.o)
                              .\CortexM3\ARM_GCC_541\Debug\main.o (Timer_1_Start)
.\CortexM3\ARM_GCC_541\Debug\Timer01.a(TimerISR.o)
                              .\CortexM3\ARM_GCC_541\Debug\main.o (TimerISR_StartEx)
.\CortexM3\ARM_GCC_541\Debug\Timer01.a(LCD.o)
                              .\CortexM3\ARM_GCC_541\Debug\main.o (LCD_Start)
.\CortexM3\ARM_GCC_541\Debug\Timer01.a(CyLib.o)
                              .\CortexM3\ARM_GCC_541\Debug\Cm3Start.o (CyResetStatus)
.\CortexM3\ARM_GCC_541\Debug\Timer01.a(cyPm.o)
                              .\CortexM3\ARM_GCC_541\Debug\Timer01.a(CyLib.o) (CyPmReadStatus)
.\CortexM3\ARM_GCC_541\Debug\Timer01.a(CyBootAsmGnu.o)
                              .\CortexM3\ARM_GCC_541\Debug\cyfitter_cfg.o (CyDelayCycles)
.\CortexM3\ARM_GCC_541\Debug\Timer01.a(CyFlash.o)
                              .\CortexM3\ARM_GCC_541\Debug\Timer01.a(cyPm.o) (CyFlash_SetWaitCycles)
.\CortexM3\ARM_GCC_541\Debug\Timer01.a(CySpc.o)
                              .\CortexM3\ARM_GCC_541\Debug\Timer01.a(CyFlash.o) (CySpcStart)
c:/program files (x86)/cypress/psoc creator/4.2/psoc creator/import/gnu/arm/5.4.1/bin/../lib/gcc/arm-none-eabi/5.4.1/../../../../arm-none-eabi/lib/armv7-m\libg_nano.a(lib_a-errno.o)
                              .\CortexM3\ARM_GCC_541\Debug\Cm3Start.o (__errno)
c:/program files (x86)/cypress/psoc creator/4.2/psoc creator/import/gnu/arm/5.4.1/bin/../lib/gcc/arm-none-eabi/5.4.1/../../../../arm-none-eabi/lib/armv7-m\libg_nano.a(lib_a-exit.o)
                              c:/program files (x86)/cypress/psoc creator/4.2/psoc creator/import/gnu/arm/5.4.1/bin/../lib/gcc/arm-none-eabi/5.4.1/../../../../arm-none-eabi/lib/armv7-m/crt0.o (exit)
c:/program files (x86)/cypress/psoc creator/4.2/psoc creator/import/gnu/arm/5.4.1/bin/../lib/gcc/arm-none-eabi/5.4.1/../../../../arm-none-eabi/lib/armv7-m\libg_nano.a(lib_a-impure.o)
                              c:/program files (x86)/cypress/psoc creator/4.2/psoc creator/import/gnu/arm/5.4.1/bin/../lib/gcc/arm-none-eabi/5.4.1/../../../../arm-none-eabi/lib/armv7-m\libg_nano.a(lib_a-exit.o) (_global_impure_ptr)
c:/program files (x86)/cypress/psoc creator/4.2/psoc creator/import/gnu/arm/5.4.1/bin/../lib/gcc/arm-none-eabi/5.4.1/../../../../arm-none-eabi/lib/armv7-m\libg_nano.a(lib_a-init.o)
                              c:/program files (x86)/cypress/psoc creator/4.2/psoc creator/import/gnu/arm/5.4.1/bin/../lib/gcc/arm-none-eabi/5.4.1/../../../../arm-none-eabi/lib/armv7-m/crt0.o (__libc_init_array)
c:/program files (x86)/cypress/psoc creator/4.2/psoc creator/import/gnu/arm/5.4.1/bin/../lib/gcc/arm-none-eabi/5.4.1/../../../../arm-none-eabi/lib/armv7-m\libg_nano.a(lib_a-memcpy-stub.o)
                              .\CortexM3\ARM_GCC_541\Debug\cyfitter_cfg.o (memcpy)
c:/program files (x86)/cypress/psoc creator/4.2/psoc creator/import/gnu/arm/5.4.1/bin/../lib/gcc/arm-none-eabi/5.4.1/../../../../arm-none-eabi/lib/armv7-m\libg_nano.a(lib_a-memset.o)
                              c:/program files (x86)/cypress/psoc creator/4.2/psoc creator/import/gnu/arm/5.4.1/bin/../lib/gcc/arm-none-eabi/5.4.1/../../../../arm-none-eabi/lib/armv7-m/crt0.o (memset)

Allocating common symbols
Common symbol       size              file

InterruptCnt        0x1               .\CortexM3\ARM_GCC_541\Debug\main.o
dieTemperature      0x2               .\CortexM3\ARM_GCC_541\Debug\Timer01.a(CyFlash.o)

Discarded input sections

 .text          0x00000000        0x0 c:/program files (x86)/cypress/psoc creator/4.2/psoc creator/import/gnu/arm/5.4.1/bin/../lib/gcc/arm-none-eabi/5.4.1/armv7-m/crti.o
 .data          0x00000000        0x0 c:/program files (x86)/cypress/psoc creator/4.2/psoc creator/import/gnu/arm/5.4.1/bin/../lib/gcc/arm-none-eabi/5.4.1/armv7-m/crti.o
 .bss           0x00000000        0x0 c:/program files (x86)/cypress/psoc creator/4.2/psoc creator/import/gnu/arm/5.4.1/bin/../lib/gcc/arm-none-eabi/5.4.1/armv7-m/crti.o
 .data          0x00000000        0x4 c:/program files (x86)/cypress/psoc creator/4.2/psoc creator/import/gnu/arm/5.4.1/bin/../lib/gcc/arm-none-eabi/5.4.1/armv7-m/crtbegin.o
 .text          0x00000000       0x74 c:/program files (x86)/cypress/psoc creator/4.2/psoc creator/import/gnu/arm/5.4.1/bin/../lib/gcc/arm-none-eabi/5.4.1/../../../../arm-none-eabi/lib/armv7-m/crt0.o
 .data          0x00000000        0x0 c:/program files (x86)/cypress/psoc creator/4.2/psoc creator/import/gnu/arm/5.4.1/bin/../lib/gcc/arm-none-eabi/5.4.1/../../../../arm-none-eabi/lib/armv7-m/crt0.o
 .bss           0x00000000        0x0 c:/program files (x86)/cypress/psoc creator/4.2/psoc creator/import/gnu/arm/5.4.1/bin/../lib/gcc/arm-none-eabi/5.4.1/../../../../arm-none-eabi/lib/armv7-m/crt0.o
 .ARM.extab     0x00000000        0x0 c:/program files (x86)/cypress/psoc creator/4.2/psoc creator/import/gnu/arm/5.4.1/bin/../lib/gcc/arm-none-eabi/5.4.1/../../../../arm-none-eabi/lib/armv7-m/crt0.o
 .ARM.exidx     0x00000000        0x8 c:/program files (x86)/cypress/psoc creator/4.2/psoc creator/import/gnu/arm/5.4.1/bin/../lib/gcc/arm-none-eabi/5.4.1/../../../../arm-none-eabi/lib/armv7-m/crt0.o
 .text          0x00000000        0x0 .\CortexM3\ARM_GCC_541\Debug\main.o
 .data          0x00000000        0x0 .\CortexM3\ARM_GCC_541\Debug\main.o
 .bss           0x00000000        0x0 .\CortexM3\ARM_GCC_541\Debug\main.o
 .text          0x00000000        0x0 .\CortexM3\ARM_GCC_541\Debug\cyfitter_cfg.o
 .data          0x00000000        0x0 .\CortexM3\ARM_GCC_541\Debug\cyfitter_cfg.o
 .bss           0x00000000        0x0 .\CortexM3\ARM_GCC_541\Debug\cyfitter_cfg.o
 .text.SetAnalogRoutingPumps
                0x00000000       0x28 .\CortexM3\ARM_GCC_541\Debug\cyfitter_cfg.o
 .text          0x00000000        0x0 .\CortexM3\ARM_GCC_541\Debug\cymetadata.o
 .data          0x00000000        0x0 .\CortexM3\ARM_GCC_541\Debug\cymetadata.o
 .bss           0x00000000        0x0 .\CortexM3\ARM_GCC_541\Debug\cymetadata.o
 .text          0x00000000        0x0 .\CortexM3\ARM_GCC_541\Debug\Cm3Start.o
 .data          0x00000000        0x4 .\CortexM3\ARM_GCC_541\Debug\Cm3Start.o
 .bss           0x00000000        0x0 .\CortexM3\ARM_GCC_541\Debug\Cm3Start.o
 .text._exit    0x00000000       0x14 .\CortexM3\ARM_GCC_541\Debug\Cm3Start.o
 .text._sbrk    0x00000000       0x50 .\CortexM3\ARM_GCC_541\Debug\Cm3Start.o
 .text          0x00000000        0x0 .\CortexM3\ARM_GCC_541\Debug\Timer01.a(Timer_1.o)
 .data          0x00000000        0x0 .\CortexM3\ARM_GCC_541\Debug\Timer01.a(Timer_1.o)
 .text.Timer_1_Stop
                0x00000000       0x20 .\CortexM3\ARM_GCC_541\Debug\Timer01.a(Timer_1.o)
 .text.Timer_1_SoftwareCapture
                0x00000000       0x14 .\CortexM3\ARM_GCC_541\Debug\Timer01.a(Timer_1.o)
 .text.Timer_1_ReadControlRegister
                0x00000000       0x18 .\CortexM3\ARM_GCC_541\Debug\Timer01.a(Timer_1.o)
 .text.Timer_1_WriteControlRegister
                0x00000000       0x20 .\CortexM3\ARM_GCC_541\Debug\Timer01.a(Timer_1.o)
 .text          0x00000000        0x0 .\CortexM3\ARM_GCC_541\Debug\Timer01.a(TimerISR.o)
 .data          0x00000000        0x0 .\CortexM3\ARM_GCC_541\Debug\Timer01.a(TimerISR.o)
 .bss           0x00000000        0x0 .\CortexM3\ARM_GCC_541\Debug\Timer01.a(TimerISR.o)
 .text.TimerISR_Start
                0x00000000       0x20 .\CortexM3\ARM_GCC_541\Debug\Timer01.a(TimerISR.o)
 .text.TimerISR_Stop
                0x00000000       0x18 .\CortexM3\ARM_GCC_541\Debug\Timer01.a(TimerISR.o)
 .text.TimerISR_Interrupt
                0x00000000        0xc .\CortexM3\ARM_GCC_541\Debug\Timer01.a(TimerISR.o)
 .text.TimerISR_GetVector
                0x00000000       0x20 .\CortexM3\ARM_GCC_541\Debug\Timer01.a(TimerISR.o)
 .text.TimerISR_GetPriority
                0x00000000       0x20 .\CortexM3\ARM_GCC_541\Debug\Timer01.a(TimerISR.o)
 .text.TimerISR_GetState
                0x00000000       0x1c .\CortexM3\ARM_GCC_541\Debug\Timer01.a(TimerISR.o)
 .text.TimerISR_SetPending
                0x00000000       0x18 .\CortexM3\ARM_GCC_541\Debug\Timer01.a(TimerISR.o)
 .text.TimerISR_ClearPending
                0x00000000       0x18 .\CortexM3\ARM_GCC_541\Debug\Timer01.a(TimerISR.o)
 .text          0x00000000        0x0 .\CortexM3\ARM_GCC_541\Debug\Timer01.a(LCD.o)
 .data          0x00000000        0x0 .\CortexM3\ARM_GCC_541\Debug\Timer01.a(LCD.o)
 .text.LCD_Stop
                0x00000000       0x18 .\CortexM3\ARM_GCC_541\Debug\Timer01.a(LCD.o)
 .text.LCD_PrintInt32
                0x00000000       0x34 .\CortexM3\ARM_GCC_541\Debug\Timer01.a(LCD.o)
 .text.LCD_PrintU32Number
                0x00000000       0xa4 .\CortexM3\ARM_GCC_541\Debug\Timer01.a(LCD.o)
 .text          0x00000000        0x0 .\CortexM3\ARM_GCC_541\Debug\Timer01.a(CyLib.o)
 .bss           0x00000000       0x19 .\CortexM3\ARM_GCC_541\Debug\Timer01.a(CyLib.o)
 .text.CyPLL_OUT_Start
                0x00000000       0xb0 .\CortexM3\ARM_GCC_541\Debug\Timer01.a(CyLib.o)
 .text.CyPLL_OUT_Stop
                0x00000000       0x20 .\CortexM3\ARM_GCC_541\Debug\Timer01.a(CyLib.o)
 .text.CyPLL_OUT_SetPQ
                0x00000000       0x94 .\CortexM3\ARM_GCC_541\Debug\Timer01.a(CyLib.o)
 .text.CyPLL_OUT_SetSource
                0x00000000       0x58 .\CortexM3\ARM_GCC_541\Debug\Timer01.a(CyLib.o)
 .text.CyIMO_Start
                0x00000000       0x94 .\CortexM3\ARM_GCC_541\Debug\Timer01.a(CyLib.o)
 .text.CyIMO_Stop
                0x00000000       0x34 .\CortexM3\ARM_GCC_541\Debug\Timer01.a(CyLib.o)
 .text.CyUSB_PowerOnCheck
                0x00000000       0x60 .\CortexM3\ARM_GCC_541\Debug\Timer01.a(CyLib.o)
 .text.CyIMO_SetTrimValue
                0x00000000      0x108 .\CortexM3\ARM_GCC_541\Debug\Timer01.a(CyLib.o)
 .text.CyIMO_SetFreq
                0x00000000      0x1b0 .\CortexM3\ARM_GCC_541\Debug\Timer01.a(CyLib.o)
 .text.CyIMO_SetSource
                0x00000000       0x8c .\CortexM3\ARM_GCC_541\Debug\Timer01.a(CyLib.o)
 .text.CyIMO_EnableDoubler
                0x00000000       0x20 .\CortexM3\ARM_GCC_541\Debug\Timer01.a(CyLib.o)
 .text.CyIMO_DisableDoubler
                0x00000000       0x20 .\CortexM3\ARM_GCC_541\Debug\Timer01.a(CyLib.o)
 .text.CyMasterClk_SetSource
                0x00000000       0x34 .\CortexM3\ARM_GCC_541\Debug\Timer01.a(CyLib.o)
 .text.CyMasterClk_SetDivider
                0x00000000       0x20 .\CortexM3\ARM_GCC_541\Debug\Timer01.a(CyLib.o)
 .text.CyBusClk_Internal_SetDivider
                0x00000000       0x78 .\CortexM3\ARM_GCC_541\Debug\Timer01.a(CyLib.o)
 .text.CyBusClk_SetDivider
                0x00000000       0xb4 .\CortexM3\ARM_GCC_541\Debug\Timer01.a(CyLib.o)
 .text.CyUsbClk_SetSource
                0x00000000       0x34 .\CortexM3\ARM_GCC_541\Debug\Timer01.a(CyLib.o)
 .text.CyILO_Start1K
                0x00000000       0x20 .\CortexM3\ARM_GCC_541\Debug\Timer01.a(CyLib.o)
 .text.CyILO_Stop1K
                0x00000000       0x20 .\CortexM3\ARM_GCC_541\Debug\Timer01.a(CyLib.o)
 .text.CyILO_Start100K
                0x00000000       0x20 .\CortexM3\ARM_GCC_541\Debug\Timer01.a(CyLib.o)
 .text.CyILO_Stop100K
                0x00000000       0x20 .\CortexM3\ARM_GCC_541\Debug\Timer01.a(CyLib.o)
 .text.CyILO_Enable33K
                0x00000000       0x20 .\CortexM3\ARM_GCC_541\Debug\Timer01.a(CyLib.o)
 .text.CyILO_Disable33K
                0x00000000       0x20 .\CortexM3\ARM_GCC_541\Debug\Timer01.a(CyLib.o)
 .text.CyILO_SetSource
                0x00000000       0x38 .\CortexM3\ARM_GCC_541\Debug\Timer01.a(CyLib.o)
 .text.CyILO_SetPowerMode
                0x00000000       0x4c .\CortexM3\ARM_GCC_541\Debug\Timer01.a(CyLib.o)
 .text.CyXTAL_32KHZ_Start
                0x00000000       0x88 .\CortexM3\ARM_GCC_541\Debug\Timer01.a(CyLib.o)
 .text.CyXTAL_32KHZ_Stop
                0x00000000       0x50 .\CortexM3\ARM_GCC_541\Debug\Timer01.a(CyLib.o)
 .text.CyXTAL_32KHZ_ReadStatus
                0x00000000       0x1c .\CortexM3\ARM_GCC_541\Debug\Timer01.a(CyLib.o)
 .text.CyXTAL_32KHZ_SetPowerMode
                0x00000000       0xb4 .\CortexM3\ARM_GCC_541\Debug\Timer01.a(CyLib.o)
 .text.CyXTAL_Start
                0x00000000       0xd0 .\CortexM3\ARM_GCC_541\Debug\Timer01.a(CyLib.o)
 .text.CyXTAL_Stop
                0x00000000       0x20 .\CortexM3\ARM_GCC_541\Debug\Timer01.a(CyLib.o)
 .text.CyXTAL_EnableErrStatus
                0x00000000       0x20 .\CortexM3\ARM_GCC_541\Debug\Timer01.a(CyLib.o)
 .text.CyXTAL_DisableErrStatus
                0x00000000       0x20 .\CortexM3\ARM_GCC_541\Debug\Timer01.a(CyLib.o)
 .text.CyXTAL_ReadStatus
                0x00000000       0x24 .\CortexM3\ARM_GCC_541\Debug\Timer01.a(CyLib.o)
 .text.CyXTAL_EnableFaultRecovery
                0x00000000       0x20 .\CortexM3\ARM_GCC_541\Debug\Timer01.a(CyLib.o)
 .text.CyXTAL_DisableFaultRecovery
                0x00000000       0x20 .\CortexM3\ARM_GCC_541\Debug\Timer01.a(CyLib.o)
 .text.CyXTAL_SetStartup
                0x00000000       0x34 .\CortexM3\ARM_GCC_541\Debug\Timer01.a(CyLib.o)
 .text.CyXTAL_SetFbVoltage
                0x00000000       0x34 .\CortexM3\ARM_GCC_541\Debug\Timer01.a(CyLib.o)
 .text.CyXTAL_SetWdVoltage
                0x00000000       0x38 .\CortexM3\ARM_GCC_541\Debug\Timer01.a(CyLib.o)
 .text.CyHalt   0x00000000       0x18 .\CortexM3\ARM_GCC_541\Debug\Timer01.a(CyLib.o)
 .text.CySoftwareReset
                0x00000000       0x20 .\CortexM3\ARM_GCC_541\Debug\Timer01.a(CyLib.o)
 .text.CyDelayFreq
                0x00000000       0x7c .\CortexM3\ARM_GCC_541\Debug\Timer01.a(CyLib.o)
 .text.CyWdtStart
                0x00000000       0x8c .\CortexM3\ARM_GCC_541\Debug\Timer01.a(CyLib.o)
 .text.CyWdtClear
                0x00000000       0x18 .\CortexM3\ARM_GCC_541\Debug\Timer01.a(CyLib.o)
 .text.CyVdLvDigitEnable
                0x00000000       0xcc .\CortexM3\ARM_GCC_541\Debug\Timer01.a(CyLib.o)
 .text.CyVdLvAnalogEnable
                0x00000000       0xcc .\CortexM3\ARM_GCC_541\Debug\Timer01.a(CyLib.o)
 .text.CyVdLvDigitDisable
                0x00000000       0x48 .\CortexM3\ARM_GCC_541\Debug\Timer01.a(CyLib.o)
 .text.CyVdLvAnalogDisable
                0x00000000       0x44 .\CortexM3\ARM_GCC_541\Debug\Timer01.a(CyLib.o)
 .text.CyVdHvAnalogEnable
                0x00000000       0x7c .\CortexM3\ARM_GCC_541\Debug\Timer01.a(CyLib.o)
 .text.CyVdHvAnalogDisable
                0x00000000       0x30 .\CortexM3\ARM_GCC_541\Debug\Timer01.a(CyLib.o)
 .text.CyVdStickyStatus
                0x00000000       0x5c .\CortexM3\ARM_GCC_541\Debug\Timer01.a(CyLib.o)
 .text.CyVdRealTimeStatus
                0x00000000       0x30 .\CortexM3\ARM_GCC_541\Debug\Timer01.a(CyLib.o)
 .text.CyDisableInts
                0x00000000       0x34 .\CortexM3\ARM_GCC_541\Debug\Timer01.a(CyLib.o)
 .text.CyEnableInts
                0x00000000       0x2c .\CortexM3\ARM_GCC_541\Debug\Timer01.a(CyLib.o)
 .text.CyFlushCache
                0x00000000       0x5c .\CortexM3\ARM_GCC_541\Debug\Timer01.a(CyLib.o)
 .text.CyIntSetSysVector
                0x00000000       0x4c .\CortexM3\ARM_GCC_541\Debug\Timer01.a(CyLib.o)
 .text.CyIntGetSysVector
                0x00000000       0x38 .\CortexM3\ARM_GCC_541\Debug\Timer01.a(CyLib.o)
 .text.CyIntSetVector
                0x00000000       0x50 .\CortexM3\ARM_GCC_541\Debug\Timer01.a(CyLib.o)
 .text.CyIntGetVector
                0x00000000       0x38 .\CortexM3\ARM_GCC_541\Debug\Timer01.a(CyLib.o)
 .text.CyIntSetPriority
                0x00000000       0x48 .\CortexM3\ARM_GCC_541\Debug\Timer01.a(CyLib.o)
 .text.CyIntGetPriority
                0x00000000       0x38 .\CortexM3\ARM_GCC_541\Debug\Timer01.a(CyLib.o)
 .text.CyIntGetState
                0x00000000       0x44 .\CortexM3\ARM_GCC_541\Debug\Timer01.a(CyLib.o)
 .text.CySysTickStart
                0x00000000       0x24 .\CortexM3\ARM_GCC_541\Debug\Timer01.a(CyLib.o)
 .text.CySysTickInit
                0x00000000       0x6c .\CortexM3\ARM_GCC_541\Debug\Timer01.a(CyLib.o)
 .text.CySysTickEnable
                0x00000000       0x1c .\CortexM3\ARM_GCC_541\Debug\Timer01.a(CyLib.o)
 .text.CySysTickStop
                0x00000000       0x1c .\CortexM3\ARM_GCC_541\Debug\Timer01.a(CyLib.o)
 .text.CySysTickEnableInterrupt
                0x00000000       0x1c .\CortexM3\ARM_GCC_541\Debug\Timer01.a(CyLib.o)
 .text.CySysTickDisableInterrupt
                0x00000000       0x1c .\CortexM3\ARM_GCC_541\Debug\Timer01.a(CyLib.o)
 .text.CySysTickSetReload
                0x00000000       0x20 .\CortexM3\ARM_GCC_541\Debug\Timer01.a(CyLib.o)
 .text.CySysTickGetReload
                0x00000000       0x18 .\CortexM3\ARM_GCC_541\Debug\Timer01.a(CyLib.o)
 .text.CySysTickGetValue
                0x00000000       0x18 .\CortexM3\ARM_GCC_541\Debug\Timer01.a(CyLib.o)
 .text.CySysTickSetClockSource
                0x00000000       0x38 .\CortexM3\ARM_GCC_541\Debug\Timer01.a(CyLib.o)
 .text.CySysTickGetClockSource
                0x00000000       0x1c .\CortexM3\ARM_GCC_541\Debug\Timer01.a(CyLib.o)
 .text.CySysTickGetCountFlag
                0x00000000       0x1c .\CortexM3\ARM_GCC_541\Debug\Timer01.a(CyLib.o)
 .text.CySysTickClear
                0x00000000       0x18 .\CortexM3\ARM_GCC_541\Debug\Timer01.a(CyLib.o)
 .text.CySysTickSetCallback
                0x00000000       0x30 .\CortexM3\ARM_GCC_541\Debug\Timer01.a(CyLib.o)
 .text.CySysTickGetCallback
                0x00000000       0x20 .\CortexM3\ARM_GCC_541\Debug\Timer01.a(CyLib.o)
 .text.CySysTickServiceCallbacks
                0x00000000       0x44 .\CortexM3\ARM_GCC_541\Debug\Timer01.a(CyLib.o)
 .text.CyGetUniqueId
                0x00000000       0xc4 .\CortexM3\ARM_GCC_541\Debug\Timer01.a(CyLib.o)
 .text          0x00000000        0x0 .\CortexM3\ARM_GCC_541\Debug\Timer01.a(cyPm.o)
 .data          0x00000000        0x0 .\CortexM3\ARM_GCC_541\Debug\Timer01.a(cyPm.o)
 .bss           0x00000000       0x43 .\CortexM3\ARM_GCC_541\Debug\Timer01.a(cyPm.o)
 .rodata        0x00000000        0xf .\CortexM3\ARM_GCC_541\Debug\Timer01.a(cyPm.o)
 .text.CyPmSaveClocks
                0x00000000      0x288 .\CortexM3\ARM_GCC_541\Debug\Timer01.a(cyPm.o)
 .text.CyPmRestoreClocks
                0x00000000      0x2f0 .\CortexM3\ARM_GCC_541\Debug\Timer01.a(cyPm.o)
 .text.CyPmAltAct
                0x00000000       0xbc .\CortexM3\ARM_GCC_541\Debug\Timer01.a(cyPm.o)
 .text.CyPmSleep
                0x00000000      0x170 .\CortexM3\ARM_GCC_541\Debug\Timer01.a(cyPm.o)
 .text.CyPmHibernate
                0x00000000       0x10 .\CortexM3\ARM_GCC_541\Debug\Timer01.a(cyPm.o)
 .text.CyPmHibernateEx
                0x00000000      0x158 .\CortexM3\ARM_GCC_541\Debug\Timer01.a(cyPm.o)
 .text.CyPmReadStatus
                0x00000000       0x5c .\CortexM3\ARM_GCC_541\Debug\Timer01.a(cyPm.o)
 .text.CyPmHibSaveSet
                0x00000000       0xe8 .\CortexM3\ARM_GCC_541\Debug\Timer01.a(cyPm.o)
 .text.CyPmHibRestore
                0x00000000       0x78 .\CortexM3\ARM_GCC_541\Debug\Timer01.a(cyPm.o)
 .text.CyPmCtwSetInterval
                0x00000000       0x94 .\CortexM3\ARM_GCC_541\Debug\Timer01.a(cyPm.o)
 .text.CyPmOppsSet
                0x00000000       0x44 .\CortexM3\ARM_GCC_541\Debug\Timer01.a(cyPm.o)
 .text.CyPmFtwSetInterval
                0x00000000       0x94 .\CortexM3\ARM_GCC_541\Debug\Timer01.a(cyPm.o)
 .text.CyPmHibSlpSaveSet
                0x00000000      0x280 .\CortexM3\ARM_GCC_541\Debug\Timer01.a(cyPm.o)
 .text.CyPmHibSlpRestore
                0x00000000      0x18c .\CortexM3\ARM_GCC_541\Debug\Timer01.a(cyPm.o)
 .text.CyPmHviLviSaveDisable
                0x00000000       0xd8 .\CortexM3\ARM_GCC_541\Debug\Timer01.a(cyPm.o)
 .text.CyPmHviLviRestore
                0x00000000       0x58 .\CortexM3\ARM_GCC_541\Debug\Timer01.a(cyPm.o)
 .data          0x00000000        0x0 .\CortexM3\ARM_GCC_541\Debug\Timer01.a(CyBootAsmGnu.o)
 .bss           0x00000000        0x0 .\CortexM3\ARM_GCC_541\Debug\Timer01.a(CyBootAsmGnu.o)
 .text          0x00000000        0x0 .\CortexM3\ARM_GCC_541\Debug\Timer01.a(CyFlash.o)
 .data          0x00000000        0x0 .\CortexM3\ARM_GCC_541\Debug\Timer01.a(CyFlash.o)
 .bss           0x00000000        0x4 .\CortexM3\ARM_GCC_541\Debug\Timer01.a(CyFlash.o)
 .text.CyFlash_Start
                0x00000000       0x8c .\CortexM3\ARM_GCC_541\Debug\Timer01.a(CyFlash.o)
 .text.CyFlash_Stop
                0x00000000       0x48 .\CortexM3\ARM_GCC_541\Debug\Timer01.a(CyFlash.o)
 .text.CyFlash_EraseRow
                0x00000000       0xb0 .\CortexM3\ARM_GCC_541\Debug\Timer01.a(CyFlash.o)
 .text.CySetTempInt
                0x00000000       0x7c .\CortexM3\ARM_GCC_541\Debug\Timer01.a(CyFlash.o)
 .text.CyFlashGetSpcAlgorithm
                0x00000000       0x70 .\CortexM3\ARM_GCC_541\Debug\Timer01.a(CyFlash.o)
 .text.CySetTemp
                0x00000000       0x24 .\CortexM3\ARM_GCC_541\Debug\Timer01.a(CyFlash.o)
 .text.CySetFlashEEBuffer
                0x00000000       0x54 .\CortexM3\ARM_GCC_541\Debug\Timer01.a(CyFlash.o)
 .text.CyWriteRowData
                0x00000000       0x38 .\CortexM3\ARM_GCC_541\Debug\Timer01.a(CyFlash.o)
 .text.CyWriteRowConfig
                0x00000000       0x28 .\CortexM3\ARM_GCC_541\Debug\Timer01.a(CyFlash.o)
 .text.CyWriteRowFull
                0x00000000      0x154 .\CortexM3\ARM_GCC_541\Debug\Timer01.a(CyFlash.o)
 .text.CyFlash_SetWaitCycles
                0x00000000       0xbc .\CortexM3\ARM_GCC_541\Debug\Timer01.a(CyFlash.o)
 .text.CyEEPROM_Start
                0x00000000       0x8c .\CortexM3\ARM_GCC_541\Debug\Timer01.a(CyFlash.o)
 .text.CyEEPROM_Stop
                0x00000000       0x48 .\CortexM3\ARM_GCC_541\Debug\Timer01.a(CyFlash.o)
 .text.CyEEPROM_ReadReserve
                0x00000000       0x30 .\CortexM3\ARM_GCC_541\Debug\Timer01.a(CyFlash.o)
 .text.CyEEPROM_ReadRelease
                0x00000000       0x20 .\CortexM3\ARM_GCC_541\Debug\Timer01.a(CyFlash.o)
 COMMON         0x00000000        0x2 .\CortexM3\ARM_GCC_541\Debug\Timer01.a(CyFlash.o)
 .text          0x00000000        0x0 .\CortexM3\ARM_GCC_541\Debug\Timer01.a(CySpc.o)
 .data          0x00000000        0x0 .\CortexM3\ARM_GCC_541\Debug\Timer01.a(CySpc.o)
 .bss           0x00000000        0x8 .\CortexM3\ARM_GCC_541\Debug\Timer01.a(CySpc.o)
 .text.CySpcStart
                0x00000000       0x48 .\CortexM3\ARM_GCC_541\Debug\Timer01.a(CySpc.o)
 .text.CySpcStop
                0x00000000       0x48 .\CortexM3\ARM_GCC_541\Debug\Timer01.a(CySpc.o)
 .text.CySpcReadData
                0x00000000       0x54 .\CortexM3\ARM_GCC_541\Debug\Timer01.a(CySpc.o)
 .text.CySpcLoadMultiByte
                0x00000000       0xd0 .\CortexM3\ARM_GCC_541\Debug\Timer01.a(CySpc.o)
 .text.CySpcLoadRow
                0x00000000       0x88 .\CortexM3\ARM_GCC_541\Debug\Timer01.a(CySpc.o)
 .text.CySpcLoadRowFull
                0x00000000      0x104 .\CortexM3\ARM_GCC_541\Debug\Timer01.a(CySpc.o)
 .text.CySpcWriteRow
                0x00000000       0x98 .\CortexM3\ARM_GCC_541\Debug\Timer01.a(CySpc.o)
 .text.CySpcEraseSector
                0x00000000       0x70 .\CortexM3\ARM_GCC_541\Debug\Timer01.a(CySpc.o)
 .text.CySpcEraseRow
                0x00000000       0x98 .\CortexM3\ARM_GCC_541\Debug\Timer01.a(CySpc.o)
 .text.CySpcGetTemp
                0x00000000       0x64 .\CortexM3\ARM_GCC_541\Debug\Timer01.a(CySpc.o)
 .text.CySpcLock
                0x00000000       0x68 .\CortexM3\ARM_GCC_541\Debug\Timer01.a(CySpc.o)
 .text.CySpcUnlock
                0x00000000       0x50 .\CortexM3\ARM_GCC_541\Debug\Timer01.a(CySpc.o)
 .text.CySpcGetAlgorithm
                0x00000000       0x44 .\CortexM3\ARM_GCC_541\Debug\Timer01.a(CySpc.o)
 .text          0x00000000        0x0 c:/program files (x86)/cypress/psoc creator/4.2/psoc creator/import/gnu/arm/5.4.1/bin/../lib/gcc/arm-none-eabi/5.4.1/../../../../arm-none-eabi/lib/armv7-m\libg_nano.a(lib_a-errno.o)
 .data          0x00000000        0x0 c:/program files (x86)/cypress/psoc creator/4.2/psoc creator/import/gnu/arm/5.4.1/bin/../lib/gcc/arm-none-eabi/5.4.1/../../../../arm-none-eabi/lib/armv7-m\libg_nano.a(lib_a-errno.o)
 .bss           0x00000000        0x0 c:/program files (x86)/cypress/psoc creator/4.2/psoc creator/import/gnu/arm/5.4.1/bin/../lib/gcc/arm-none-eabi/5.4.1/../../../../arm-none-eabi/lib/armv7-m\libg_nano.a(lib_a-errno.o)
 .text          0x00000000        0x0 c:/program files (x86)/cypress/psoc creator/4.2/psoc creator/import/gnu/arm/5.4.1/bin/../lib/gcc/arm-none-eabi/5.4.1/../../../../arm-none-eabi/lib/armv7-m\libg_nano.a(lib_a-exit.o)
 .data          0x00000000        0x0 c:/program files (x86)/cypress/psoc creator/4.2/psoc creator/import/gnu/arm/5.4.1/bin/../lib/gcc/arm-none-eabi/5.4.1/../../../../arm-none-eabi/lib/armv7-m\libg_nano.a(lib_a-exit.o)
 .bss           0x00000000        0x0 c:/program files (x86)/cypress/psoc creator/4.2/psoc creator/import/gnu/arm/5.4.1/bin/../lib/gcc/arm-none-eabi/5.4.1/../../../../arm-none-eabi/lib/armv7-m\libg_nano.a(lib_a-exit.o)
 .text.exit     0x00000000       0x28 c:/program files (x86)/cypress/psoc creator/4.2/psoc creator/import/gnu/arm/5.4.1/bin/../lib/gcc/arm-none-eabi/5.4.1/../../../../arm-none-eabi/lib/armv7-m\libg_nano.a(lib_a-exit.o)
 .text          0x00000000        0x0 c:/program files (x86)/cypress/psoc creator/4.2/psoc creator/import/gnu/arm/5.4.1/bin/../lib/gcc/arm-none-eabi/5.4.1/../../../../arm-none-eabi/lib/armv7-m\libg_nano.a(lib_a-impure.o)
 .data          0x00000000        0x0 c:/program files (x86)/cypress/psoc creator/4.2/psoc creator/import/gnu/arm/5.4.1/bin/../lib/gcc/arm-none-eabi/5.4.1/../../../../arm-none-eabi/lib/armv7-m\libg_nano.a(lib_a-impure.o)
 .bss           0x00000000        0x0 c:/program files (x86)/cypress/psoc creator/4.2/psoc creator/import/gnu/arm/5.4.1/bin/../lib/gcc/arm-none-eabi/5.4.1/../../../../arm-none-eabi/lib/armv7-m\libg_nano.a(lib_a-impure.o)
 .rodata._global_impure_ptr
                0x00000000        0x4 c:/program files (x86)/cypress/psoc creator/4.2/psoc creator/import/gnu/arm/5.4.1/bin/../lib/gcc/arm-none-eabi/5.4.1/../../../../arm-none-eabi/lib/armv7-m\libg_nano.a(lib_a-impure.o)
 .text          0x00000000        0x0 c:/program files (x86)/cypress/psoc creator/4.2/psoc creator/import/gnu/arm/5.4.1/bin/../lib/gcc/arm-none-eabi/5.4.1/../../../../arm-none-eabi/lib/armv7-m\libg_nano.a(lib_a-init.o)
 .data          0x00000000        0x0 c:/program files (x86)/cypress/psoc creator/4.2/psoc creator/import/gnu/arm/5.4.1/bin/../lib/gcc/arm-none-eabi/5.4.1/../../../../arm-none-eabi/lib/armv7-m\libg_nano.a(lib_a-init.o)
 .bss           0x00000000        0x0 c:/program files (x86)/cypress/psoc creator/4.2/psoc creator/import/gnu/arm/5.4.1/bin/../lib/gcc/arm-none-eabi/5.4.1/../../../../arm-none-eabi/lib/armv7-m\libg_nano.a(lib_a-init.o)
 .text          0x00000000        0x0 c:/program files (x86)/cypress/psoc creator/4.2/psoc creator/import/gnu/arm/5.4.1/bin/../lib/gcc/arm-none-eabi/5.4.1/../../../../arm-none-eabi/lib/armv7-m\libg_nano.a(lib_a-memcpy-stub.o)
 .data          0x00000000        0x0 c:/program files (x86)/cypress/psoc creator/4.2/psoc creator/import/gnu/arm/5.4.1/bin/../lib/gcc/arm-none-eabi/5.4.1/../../../../arm-none-eabi/lib/armv7-m\libg_nano.a(lib_a-memcpy-stub.o)
 .bss           0x00000000        0x0 c:/program files (x86)/cypress/psoc creator/4.2/psoc creator/import/gnu/arm/5.4.1/bin/../lib/gcc/arm-none-eabi/5.4.1/../../../../arm-none-eabi/lib/armv7-m\libg_nano.a(lib_a-memcpy-stub.o)
 .text          0x00000000        0x0 c:/program files (x86)/cypress/psoc creator/4.2/psoc creator/import/gnu/arm/5.4.1/bin/../lib/gcc/arm-none-eabi/5.4.1/../../../../arm-none-eabi/lib/armv7-m\libg_nano.a(lib_a-memset.o)
 .data          0x00000000        0x0 c:/program files (x86)/cypress/psoc creator/4.2/psoc creator/import/gnu/arm/5.4.1/bin/../lib/gcc/arm-none-eabi/5.4.1/../../../../arm-none-eabi/lib/armv7-m\libg_nano.a(lib_a-memset.o)
 .bss           0x00000000        0x0 c:/program files (x86)/cypress/psoc creator/4.2/psoc creator/import/gnu/arm/5.4.1/bin/../lib/gcc/arm-none-eabi/5.4.1/../../../../arm-none-eabi/lib/armv7-m\libg_nano.a(lib_a-memset.o)
 .text          0x00000000        0x0 c:/program files (x86)/cypress/psoc creator/4.2/psoc creator/import/gnu/arm/5.4.1/bin/../lib/gcc/arm-none-eabi/5.4.1/armv7-m/crtend.o
 .data          0x00000000        0x0 c:/program files (x86)/cypress/psoc creator/4.2/psoc creator/import/gnu/arm/5.4.1/bin/../lib/gcc/arm-none-eabi/5.4.1/armv7-m/crtend.o
 .bss           0x00000000        0x0 c:/program files (x86)/cypress/psoc creator/4.2/psoc creator/import/gnu/arm/5.4.1/bin/../lib/gcc/arm-none-eabi/5.4.1/armv7-m/crtend.o
 .text          0x00000000        0x0 c:/program files (x86)/cypress/psoc creator/4.2/psoc creator/import/gnu/arm/5.4.1/bin/../lib/gcc/arm-none-eabi/5.4.1/armv7-m/crtn.o
 .data          0x00000000        0x0 c:/program files (x86)/cypress/psoc creator/4.2/psoc creator/import/gnu/arm/5.4.1/bin/../lib/gcc/arm-none-eabi/5.4.1/armv7-m/crtn.o
 .bss           0x00000000        0x0 c:/program files (x86)/cypress/psoc creator/4.2/psoc creator/import/gnu/arm/5.4.1/bin/../lib/gcc/arm-none-eabi/5.4.1/armv7-m/crtn.o

Memory Configuration

Name             Origin             Length             Attributes
rom              0x00000000         0x00040000         xr
ram              0x1fff8000         0x00010000         xrw
*default*        0x00000000         0xffffffff

Linker script and memory map

LOAD c:/program files (x86)/cypress/psoc creator/4.2/psoc creator/import/gnu/arm/5.4.1/bin/../lib/gcc/arm-none-eabi/5.4.1/armv7-m/crti.o
LOAD c:/program files (x86)/cypress/psoc creator/4.2/psoc creator/import/gnu/arm/5.4.1/bin/../lib/gcc/arm-none-eabi/5.4.1/armv7-m/crtbegin.o
LOAD c:/program files (x86)/cypress/psoc creator/4.2/psoc creator/import/gnu/arm/5.4.1/bin/../lib/gcc/arm-none-eabi/5.4.1/../../../../arm-none-eabi/lib/armv7-m/crt0.o
START GROUP
LOAD .\CortexM3\ARM_GCC_541\Debug\main.o
LOAD .\CortexM3\ARM_GCC_541\Debug\cyfitter_cfg.o
LOAD .\CortexM3\ARM_GCC_541\Debug\cymetadata.o
LOAD .\CortexM3\ARM_GCC_541\Debug\Cm3Start.o
LOAD .\CortexM3\ARM_GCC_541\Debug\Timer01.a
LOAD C:\Program Files (x86)\Cypress\PSoC Creator\4.2\PSoC Creator\psoc\content\cycomponentlibrary\CyComponentLibrary.cylib\CortexM3\ARM_GCC_541\Debug\CyComponentLibrary.a
END GROUP
START GROUP
LOAD c:/program files (x86)/cypress/psoc creator/4.2/psoc creator/import/gnu/arm/5.4.1/bin/../lib/gcc/arm-none-eabi/5.4.1/armv7-m\libgcc.a
LOAD c:/program files (x86)/cypress/psoc creator/4.2/psoc creator/import/gnu/arm/5.4.1/bin/../lib/gcc/arm-none-eabi/5.4.1/../../../../arm-none-eabi/lib/armv7-m\libg_nano.a
LOAD c:/program files (x86)/cypress/psoc creator/4.2/psoc creator/import/gnu/arm/5.4.1/bin/../lib/gcc/arm-none-eabi/5.4.1/../../../../arm-none-eabi/lib/armv7-m\libc_nano.a
END GROUP
START GROUP
LOAD c:/program files (x86)/cypress/psoc creator/4.2/psoc creator/import/gnu/arm/5.4.1/bin/../lib/gcc/arm-none-eabi/5.4.1/armv7-m\libgcc.a
LOAD c:/program files (x86)/cypress/psoc creator/4.2/psoc creator/import/gnu/arm/5.4.1/bin/../lib/gcc/arm-none-eabi/5.4.1/../../../../arm-none-eabi/lib/armv7-m\libc_nano.a
END GROUP
LOAD c:/program files (x86)/cypress/psoc creator/4.2/psoc creator/import/gnu/arm/5.4.1/bin/../lib/gcc/arm-none-eabi/5.4.1/armv7-m/crtend.o
LOAD c:/program files (x86)/cypress/psoc creator/4.2/psoc creator/import/gnu/arm/5.4.1/bin/../lib/gcc/arm-none-eabi/5.4.1/armv7-m/crtn.o
START GROUP
LOAD c:/program files (x86)/cypress/psoc creator/4.2/psoc creator/import/gnu/arm/5.4.1/bin/../lib/gcc/arm-none-eabi/5.4.1/armv7-m\libgcc.a
LOAD c:/program files (x86)/cypress/psoc creator/4.2/psoc creator/import/gnu/arm/5.4.1/bin/../lib/gcc/arm-none-eabi/5.4.1/../../../../arm-none-eabi/lib/armv7-m\libc.a
LOAD c:/program files (x86)/cypress/psoc creator/4.2/psoc creator/import/gnu/arm/5.4.1/bin/../lib/gcc/arm-none-eabi/5.4.1/../../../../arm-none-eabi/lib/armv7-m\libnosys.a
END GROUP
                0x00000000                CY_APPL_ORIGIN = 0x0
                0x00000100                CY_FLASH_ROW_SIZE = 0x100
                0x00000020                CY_ECC_ROW_SIZE = 0x20
                0x00000000                CY_EE_IN_BTLDR = 0x0
                0x00000000                CY_APPL_LOADABLE = 0x0
                0x00000800                CY_EE_SIZE = 0x800
                0x00000001                CY_APPL_NUM = 0x1
                0x00000001                CY_APPL_MAX = 0x1
                0x00000040                CY_METADATA_SIZE = 0x40
                0x00000000                CY_APPL_LOADABLE = 0x0
                0x00000000                CY_CHECKSUM_EXCLUDE_SIZE = ALIGN (0x0, CY_FLASH_ROW_SIZE)
                [!provide]                PROVIDE (__cy_heap_start, _end)
                0x00000001                PROVIDE (__cy_region_num, ((__cy_regions_end - __cy_regions) / 0x10))
                0x20008000                PROVIDE (__cy_stack, (ORIGIN (ram) + LENGTH (ram)))
                [!provide]                PROVIDE (__cy_heap_end, (__cy_stack - 0x800))

.cybootloader   0x00000000        0x0
 *(.cybootloader)
                0x00000000                appl1_start = CY_APPL_ORIGIN?CY_APPL_ORIGIN:ALIGN (CY_FLASH_ROW_SIZE)
                0x0001ff00                appl2_start = (appl1_start + ALIGN ((((LENGTH (rom) - appl1_start) - (0x2 * CY_FLASH_ROW_SIZE)) / 0x2), CY_FLASH_ROW_SIZE))
                0x00000000                appl_start = (CY_APPL_NUM == 0x1)?appl1_start:appl2_start
                0x00000000                ecc_offset = ((appl_start / CY_FLASH_ROW_SIZE) * CY_ECC_ROW_SIZE)
                0x00000000                ee_offset = (CY_APPL_LOADABLE && ! (CY_EE_IN_BTLDR))?((CY_EE_SIZE / CY_APPL_MAX) * (CY_APPL_NUM - 0x1)):0x0
                0x00000800                ee_size = (CY_APPL_LOADABLE && ! (CY_EE_IN_BTLDR))?(CY_EE_SIZE / CY_APPL_MAX):CY_EE_SIZE
                [!provide]                PROVIDE (CY_ECC_OFFSET, ecc_offset)

.text           0x00000000      0xdca
 CREATE_OBJECT_SYMBOLS
                0x00000000                PROVIDE (__cy_interrupt_vector, RomVectors)
 *(.romvectors)
 .romvectors    0x00000000       0x10 .\CortexM3\ARM_GCC_541\Debug\Cm3Start.o
                0x00000000                RomVectors
                0x00000001                ASSERT ((. != __cy_interrupt_vector), No interrupt vector)
                0x00000001                ASSERT (CY_APPL_ORIGIN?(SIZEOF (.cybootloader) <= CY_APPL_ORIGIN):0x1, Wrong image location)
                0x00000010                PROVIDE (__cy_reset, Reset)
 *(.text.Reset)
 .text.Reset    0x00000010       0x18 .\CortexM3\ARM_GCC_541\Debug\Cm3Start.o
                0x00000010                Reset
                0x00000001                ASSERT ((. != __cy_reset), No reset code)
 *(.dma_init)
                0x00000001                ASSERT ((((appl_start + .) <= 0x10000) || 0x1), DMA Init must be within the first 64k of flash)
 *(.text .text.* .gnu.linkonce.t.*)
 .text          0x00000028       0x5c c:/program files (x86)/cypress/psoc creator/4.2/psoc creator/import/gnu/arm/5.4.1/bin/../lib/gcc/arm-none-eabi/5.4.1/armv7-m/crtbegin.o
 .text.InterruptHandler
                0x00000084       0x24 .\CortexM3\ARM_GCC_541\Debug\main.o
                0x00000084                InterruptHandler
 .text.main     0x000000a8       0x90 .\CortexM3\ARM_GCC_541\Debug\main.o
                0x000000a8                main
 .text.CYMEMZERO
                0x00000138       0x1c .\CortexM3\ARM_GCC_541\Debug\cyfitter_cfg.o
 .text.CYCONFIGCPY
                0x00000154       0x20 .\CortexM3\ARM_GCC_541\Debug\cyfitter_cfg.o
 .text.CYCONFIGCPYCODE
                0x00000174       0x20 .\CortexM3\ARM_GCC_541\Debug\cyfitter_cfg.o
 .text.CyClockStartupError
                0x00000194        0xc .\CortexM3\ARM_GCC_541\Debug\cyfitter_cfg.o
 .text.cfg_write_bytes32
                0x000001a0       0x74 .\CortexM3\ARM_GCC_541\Debug\cyfitter_cfg.o
 .text.ClockSetup
                0x00000214      0x118 .\CortexM3\ARM_GCC_541\Debug\cyfitter_cfg.o
 .text.AnalogSetDefault
                0x0000032c       0x44 .\CortexM3\ARM_GCC_541\Debug\cyfitter_cfg.o
 .text.cyfitter_cfg
                0x00000370      0x138 .\CortexM3\ARM_GCC_541\Debug\cyfitter_cfg.o
                0x00000370                cyfitter_cfg
 .text.IntDefaultHandler
                0x000004a8       0x14 .\CortexM3\ARM_GCC_541\Debug\Cm3Start.o
                0x000004a8                IntDefaultHandler
 .text.Start_c  0x000004bc       0x98 .\CortexM3\ARM_GCC_541\Debug\Cm3Start.o
                0x000004bc                Start_c
 .text.initialize_psoc
                0x00000554       0x90 .\CortexM3\ARM_GCC_541\Debug\Cm3Start.o
                0x00000554                initialize_psoc
 .text.Timer_1_Init
                0x000005e4       0x4c .\CortexM3\ARM_GCC_541\Debug\Timer01.a(Timer_1.o)
                0x000005e4                Timer_1_Init
 .text.Timer_1_Enable
                0x00000630       0x20 .\CortexM3\ARM_GCC_541\Debug\Timer01.a(Timer_1.o)
                0x00000630                Timer_1_Enable
 .text.Timer_1_Start
                0x00000650       0x24 .\CortexM3\ARM_GCC_541\Debug\Timer01.a(Timer_1.o)
                0x00000650                Timer_1_Start
 .text.Timer_1_SetInterruptMode
                0x00000674       0x20 .\CortexM3\ARM_GCC_541\Debug\Timer01.a(Timer_1.o)
                0x00000674                Timer_1_SetInterruptMode
 .text.Timer_1_ReadStatusRegister
                0x00000694       0x18 .\CortexM3\ARM_GCC_541\Debug\Timer01.a(Timer_1.o)
                0x00000694                Timer_1_ReadStatusRegister
 .text.Timer_1_ReadPeriod
                0x000006ac       0x18 .\CortexM3\ARM_GCC_541\Debug\Timer01.a(Timer_1.o)
                0x000006ac                Timer_1_ReadPeriod
 .text.Timer_1_WritePeriod
                0x000006c4       0x20 .\CortexM3\ARM_GCC_541\Debug\Timer01.a(Timer_1.o)
                0x000006c4                Timer_1_WritePeriod
 .text.Timer_1_ReadCapture
                0x000006e4       0x18 .\CortexM3\ARM_GCC_541\Debug\Timer01.a(Timer_1.o)
                0x000006e4                Timer_1_ReadCapture
 .text.Timer_1_WriteCounter
                0x000006fc       0x20 .\CortexM3\ARM_GCC_541\Debug\Timer01.a(Timer_1.o)
                0x000006fc                Timer_1_WriteCounter
 .text.Timer_1_ReadCounter
                0x0000071c       0x20 .\CortexM3\ARM_GCC_541\Debug\Timer01.a(Timer_1.o)
                0x0000071c                Timer_1_ReadCounter
 .text.Timer_1_ClearFIFO
                0x0000073c       0x1c .\CortexM3\ARM_GCC_541\Debug\Timer01.a(Timer_1.o)
                0x0000073c                Timer_1_ClearFIFO
 .text.TimerISR_StartEx
                0x00000758       0x24 .\CortexM3\ARM_GCC_541\Debug\Timer01.a(TimerISR.o)
                0x00000758                TimerISR_StartEx
 .text.TimerISR_SetVector
                0x0000077c       0x24 .\CortexM3\ARM_GCC_541\Debug\Timer01.a(TimerISR.o)
                0x0000077c                TimerISR_SetVector
 .text.TimerISR_SetPriority
                0x000007a0       0x24 .\CortexM3\ARM_GCC_541\Debug\Timer01.a(TimerISR.o)
                0x000007a0                TimerISR_SetPriority
 .text.TimerISR_Enable
                0x000007c4       0x18 .\CortexM3\ARM_GCC_541\Debug\Timer01.a(TimerISR.o)
                0x000007c4                TimerISR_Enable
 .text.TimerISR_Disable
                0x000007dc       0x18 .\CortexM3\ARM_GCC_541\Debug\Timer01.a(TimerISR.o)
                0x000007dc                TimerISR_Disable
 .text.LCD_Init
                0x000007f4       0x70 .\CortexM3\ARM_GCC_541\Debug\Timer01.a(LCD.o)
                0x000007f4                LCD_Init
 .text.LCD_Enable
                0x00000864       0x18 .\CortexM3\ARM_GCC_541\Debug\Timer01.a(LCD.o)
                0x00000864                LCD_Enable
 .text.LCD_Start
                0x0000087c       0x24 .\CortexM3\ARM_GCC_541\Debug\Timer01.a(LCD.o)
                0x0000087c                LCD_Start
 .text.LCD_Position
                0x000008a0       0x70 .\CortexM3\ARM_GCC_541\Debug\Timer01.a(LCD.o)
                0x000008a0                LCD_Position
 .text.LCD_PrintString
                0x00000910       0x3c .\CortexM3\ARM_GCC_541\Debug\Timer01.a(LCD.o)
                0x00000910                LCD_PrintString
 .text.LCD_PutChar
                0x0000094c       0x1c .\CortexM3\ARM_GCC_541\Debug\Timer01.a(LCD.o)
                0x0000094c                LCD_PutChar
 .text.LCD_WriteData
                0x00000968       0x34 .\CortexM3\ARM_GCC_541\Debug\Timer01.a(LCD.o)
                0x00000968                LCD_WriteData
 .text.LCD_WriteControl
                0x0000099c       0x34 .\CortexM3\ARM_GCC_541\Debug\Timer01.a(LCD.o)
                0x0000099c                LCD_WriteControl
 .text.LCD_IsReady
                0x000009d0      0x178 .\CortexM3\ARM_GCC_541\Debug\Timer01.a(LCD.o)
                0x000009d0                LCD_IsReady
 .text.LCD_WrDatNib
                0x00000b48       0x78 .\CortexM3\ARM_GCC_541\Debug\Timer01.a(LCD.o)
 .text.LCD_WrCntrlNib
                0x00000bc0       0x64 .\CortexM3\ARM_GCC_541\Debug\Timer01.a(LCD.o)
 .text.LCD_PrintInt8
                0x00000c24       0x38 .\CortexM3\ARM_GCC_541\Debug\Timer01.a(LCD.o)
                0x00000c24                LCD_PrintInt8
 .text.LCD_PrintInt16
                0x00000c5c       0x2c .\CortexM3\ARM_GCC_541\Debug\Timer01.a(LCD.o)
                0x00000c5c                LCD_PrintInt16
 .text.CyDelay  0x00000c88       0x44 .\CortexM3\ARM_GCC_541\Debug\Timer01.a(CyLib.o)
                0x00000c88                CyDelay
 .text.CyDelayUs
                0x00000ccc       0x28 .\CortexM3\ARM_GCC_541\Debug\Timer01.a(CyLib.o)
                0x00000ccc                CyDelayUs
 *fill*         0x00000cf4        0x4 
 .text          0x00000cf8       0x54 .\CortexM3\ARM_GCC_541\Debug\Timer01.a(CyBootAsmGnu.o)
                0x00000cf8                CyDelayCycles
                0x00000d36                CyEnterCriticalSection
                0x00000d3e                CyExitCriticalSection
 .text.__errno  0x00000d4c        0xc c:/program files (x86)/cypress/psoc creator/4.2/psoc creator/import/gnu/arm/5.4.1/bin/../lib/gcc/arm-none-eabi/5.4.1/../../../../arm-none-eabi/lib/armv7-m\libg_nano.a(lib_a-errno.o)
                0x00000d4c                __errno
 .text.__libc_init_array
                0x00000d58       0x4c c:/program files (x86)/cypress/psoc creator/4.2/psoc creator/import/gnu/arm/5.4.1/bin/../lib/gcc/arm-none-eabi/5.4.1/../../../../arm-none-eabi/lib/armv7-m\libg_nano.a(lib_a-init.o)
                0x00000d58                __libc_init_array
 .text.memcpy   0x00000da4       0x16 c:/program files (x86)/cypress/psoc creator/4.2/psoc creator/import/gnu/arm/5.4.1/bin/../lib/gcc/arm-none-eabi/5.4.1/../../../../arm-none-eabi/lib/armv7-m\libg_nano.a(lib_a-memcpy-stub.o)
                0x00000da4                memcpy
 .text.memset   0x00000dba       0x10 c:/program files (x86)/cypress/psoc creator/4.2/psoc creator/import/gnu/arm/5.4.1/bin/../lib/gcc/arm-none-eabi/5.4.1/../../../../arm-none-eabi/lib/armv7-m\libg_nano.a(lib_a-memset.o)
                0x00000dba                memset
 *(.plt)
 *(.gnu.warning)
 *(.glue_7t)
 .glue_7t       0x00000dca        0x0 linker stubs
 *(.glue_7)
 .glue_7        0x00000dca        0x0 linker stubs
 *(.vfp11_veneer)
 .vfp11_veneer  0x00000dca        0x0 linker stubs
 *(.bootloader)
 *(.ARM.extab* .gnu.linkonce.armextab.*)
 *(.gcc_except_table)

.v4_bx          0x00000dcc        0x0
 .v4_bx         0x00000dcc        0x0 linker stubs

.iplt           0x00000dcc        0x0
 .iplt          0x00000dcc        0x0 c:/program files (x86)/cypress/psoc creator/4.2/psoc creator/import/gnu/arm/5.4.1/bin/../lib/gcc/arm-none-eabi/5.4.1/armv7-m/crtbegin.o

.eh_frame_hdr
 *(.eh_frame_hdr)

.eh_frame       0x00000dcc        0x4
 *(.eh_frame)
 .eh_frame      0x00000dcc        0x0 c:/program files (x86)/cypress/psoc creator/4.2/psoc creator/import/gnu/arm/5.4.1/bin/../lib/gcc/arm-none-eabi/5.4.1/armv7-m/crtbegin.o
 .eh_frame      0x00000dcc        0x4 c:/program files (x86)/cypress/psoc creator/4.2/psoc creator/import/gnu/arm/5.4.1/bin/../lib/gcc/arm-none-eabi/5.4.1/armv7-m/crtend.o
                [!provide]                PROVIDE (__exidx_start, .)

.ARM.exidx
 *(.ARM.exidx* .gnu.linkonce.armexidx.*)
                0x00000dd0                __exidx_end = .

.rodata         0x00000dd0      0x1d8
 *(.rodata .rodata.* .gnu.linkonce.r.*)
 .rodata        0x00000dd0       0x10 .\CortexM3\ARM_GCC_541\Debug\main.o
 .rodata        0x00000de0      0x17c .\CortexM3\ARM_GCC_541\Debug\cyfitter_cfg.o
 .rodata        0x00000f5c       0x10 .\CortexM3\ARM_GCC_541\Debug\Timer01.a(LCD.o)
 .rodata.str1.1
                0x00000f6c        0x2 c:/program files (x86)/cypress/psoc creator/4.2/psoc creator/import/gnu/arm/5.4.1/bin/../lib/gcc/arm-none-eabi/5.4.1/../../../../arm-none-eabi/lib/armv7-m\libg_nano.a(lib_a-impure.o)
                0x00000f70                . = ALIGN (0x4)
 *fill*         0x00000f6e        0x2 
 *(.init)
 .init          0x00000f70        0x4 c:/program files (x86)/cypress/psoc creator/4.2/psoc creator/import/gnu/arm/5.4.1/bin/../lib/gcc/arm-none-eabi/5.4.1/armv7-m/crti.o
                0x00000f70                _init
 .init          0x00000f74        0x8 c:/program files (x86)/cypress/psoc creator/4.2/psoc creator/import/gnu/arm/5.4.1/bin/../lib/gcc/arm-none-eabi/5.4.1/armv7-m/crtn.o
                0x00000f7c                . = ALIGN (0x4)
                0x00000f7c                __preinit_array_start = .
 *(.preinit_array)
                0x00000f7c                __preinit_array_end = .
                0x00000f7c                . = ALIGN (0x4)
                0x00000f7c                __init_array_start = .
 *(SORT(.init_array.*))
 *(.init_array)
 .init_array    0x00000f7c        0x4 c:/program files (x86)/cypress/psoc creator/4.2/psoc creator/import/gnu/arm/5.4.1/bin/../lib/gcc/arm-none-eabi/5.4.1/armv7-m/crtbegin.o
 .init_array    0x00000f80        0x4 .\CortexM3\ARM_GCC_541\Debug\Cm3Start.o
                0x00000f84                __init_array_end = .
                0x00000f84                . = ALIGN (0x4)
 *(.fini)
 .fini          0x00000f84        0x4 c:/program files (x86)/cypress/psoc creator/4.2/psoc creator/import/gnu/arm/5.4.1/bin/../lib/gcc/arm-none-eabi/5.4.1/armv7-m/crti.o
                0x00000f84                _fini
 .fini          0x00000f88        0x8 c:/program files (x86)/cypress/psoc creator/4.2/psoc creator/import/gnu/arm/5.4.1/bin/../lib/gcc/arm-none-eabi/5.4.1/armv7-m/crtn.o
                0x00000f90                . = ALIGN (0x4)
                0x00000f90                __fini_array_start = .
 *(.fini_array)
 .fini_array    0x00000f90        0x4 c:/program files (x86)/cypress/psoc creator/4.2/psoc creator/import/gnu/arm/5.4.1/bin/../lib/gcc/arm-none-eabi/5.4.1/armv7-m/crtbegin.o
 *(SORT(.fini_array.*))
                0x00000f94                __fini_array_end = .
                0x00000f94                . = ALIGN (0x4)
 *crtbegin.o(.ctors)
 *(EXCLUDE_FILE(*crtend.o) .ctors)
 *(SORT(.ctors.*))
 *crtend.o(.ctors)
                0x00000f94                . = ALIGN (0x4)
 *crtbegin.o(.dtors)
 *(EXCLUDE_FILE(*crtend.o) .dtors)
 *(SORT(.dtors.*))
 *crtend.o(.dtors)
                0x00000f94                . = ALIGN (0x4)
                0x00000f94                __cy_regions = .
                0x00000f94        0x4 LONG 0xfa8 __cy_region_init_ram
                0x00000f98        0x4 LONG 0x1fff80c8 __cy_region_start_data
                0x00000f9c        0x4 LONG 0x78 __cy_region_init_size_ram
                0x00000fa0        0x4 LONG 0x20 __cy_region_zero_size_ram
                0x00000fa4                __cy_regions_end = .
                0x00000fa8                . = ALIGN (0x8)
 *fill*         0x00000fa4        0x4 
                0x00000fa8                _etext = .

.cy_checksum_exclude
                0x00000fa8        0x0
 *(.cy_checksum_exclude)

.ramvectors     0x1fff8000       0xc0
                0x1fff8000                __cy_region_start_ram = .
 *(.ramvectors)
 .ramvectors    0x1fff8000       0xc0 .\CortexM3\ARM_GCC_541\Debug\Cm3Start.o
                0x1fff8000                CyRamVectors

.noinit         0x1fff80c0        0x5
 *(.noinit)
 .noinit        0x1fff80c0        0x4 .\CortexM3\ARM_GCC_541\Debug\Cm3Start.o
 .noinit        0x1fff80c4        0x1 .\CortexM3\ARM_GCC_541\Debug\Timer01.a(CyLib.o)
                0x1fff80c4                CyResetStatus

.data           0x1fff80c8       0x78 load address 0x00000fa8
                0x1fff80c8                __cy_region_start_data = .
 *(.jcr)
 .jcr           0x1fff80c8        0x0 c:/program files (x86)/cypress/psoc creator/4.2/psoc creator/import/gnu/arm/5.4.1/bin/../lib/gcc/arm-none-eabi/5.4.1/armv7-m/crtbegin.o
 .jcr           0x1fff80c8        0x4 c:/program files (x86)/cypress/psoc creator/4.2/psoc creator/import/gnu/arm/5.4.1/bin/../lib/gcc/arm-none-eabi/5.4.1/armv7-m/crtend.o
 *(.got.plt)
 *(.got)
 *(.shdata)
 *(.data .data.* .gnu.linkonce.d.*)
 .data          0x1fff80cc       0x10 .\CortexM3\ARM_GCC_541\Debug\Timer01.a(CyLib.o)
                0x1fff80cc                cydelay_freq_hz
                0x1fff80d0                cydelay_freq_khz
                0x1fff80d4                cydelay_freq_mhz
                0x1fff80d8                cydelay_32k_ms
 .data.impure_data
                0x1fff80dc       0x60 c:/program files (x86)/cypress/psoc creator/4.2/psoc creator/import/gnu/arm/5.4.1/bin/../lib/gcc/arm-none-eabi/5.4.1/../../../../arm-none-eabi/lib/armv7-m\libg_nano.a(lib_a-impure.o)
 .data._impure_ptr
                0x1fff813c        0x4 c:/program files (x86)/cypress/psoc creator/4.2/psoc creator/import/gnu/arm/5.4.1/bin/../lib/gcc/arm-none-eabi/5.4.1/../../../../arm-none-eabi/lib/armv7-m\libg_nano.a(lib_a-impure.o)
                0x1fff813c                _impure_ptr
                0x1fff8140                . = ALIGN (0x8)
 *(.ram)
                0x1fff8140                _edata = .

.igot.plt       0x1fff8140        0x0 load address 0x00001020
 .igot.plt      0x1fff8140        0x0 c:/program files (x86)/cypress/psoc creator/4.2/psoc creator/import/gnu/arm/5.4.1/bin/../lib/gcc/arm-none-eabi/5.4.1/armv7-m/crtbegin.o

.bss            0x1fff8140       0x20 load address 0x00001020
                0x1fff8140                PROVIDE (__bss_start__, .)
 *(.shbss)
 *(.bss .bss.* .gnu.linkonce.b.*)
 .bss           0x1fff8140       0x1c c:/program files (x86)/cypress/psoc creator/4.2/psoc creator/import/gnu/arm/5.4.1/bin/../lib/gcc/arm-none-eabi/5.4.1/armv7-m/crtbegin.o
 .bss           0x1fff815c        0x1 .\CortexM3\ARM_GCC_541\Debug\Timer01.a(Timer_1.o)
                0x1fff815c                Timer_1_initVar
 .bss           0x1fff815d        0x2 .\CortexM3\ARM_GCC_541\Debug\Timer01.a(LCD.o)
                0x1fff815d                LCD_enableState
                0x1fff815e                LCD_initVar
 *(COMMON)
 COMMON         0x1fff815f        0x1 .\CortexM3\ARM_GCC_541\Debug\main.o
                0x1fff815f                InterruptCnt
                0x1fff8160                . = ALIGN (0x8)
 *(.ram.b)
                0x1fff8160                _end = .
                0x1fff8160                __end = .
                0x1fff8160                PROVIDE (end, .)
                0x1fff8160                PROVIDE (__bss_end__, .)
                0x00000fa8                __cy_region_init_ram = LOADADDR (.data)
                0x00000078                __cy_region_init_size_ram = (_edata - ADDR (.data))
                0x00000020                __cy_region_zero_size_ram = (_end - _edata)

.heap           0x1fff8160       0x80 load address 0x00001020
                0x1fff8160                . = _end
                0x1fff81e0                . = (. + 0x80)
 *fill*         0x1fff8160       0x80 
                0x1fff81e0                __cy_heap_limit = .

.stack          0x20007800      0x800
                0x20007800                __cy_stack_limit = .
                0x20008000                . = (. + 0x800)
 *fill*         0x20007800      0x800 
                0x00000001                ASSERT ((__cy_stack_limit >= __cy_heap_limit), region RAM overflowed with stack)
                0x00000000                cy_checksum_exclude_size = (CY_APPL_LOADABLE == 0x1)?SIZEOF (.cy_checksum_exclude):0x0
                0x00000001                ASSERT ((cy_checksum_exclude_size <= CY_CHECKSUM_EXCLUDE_SIZE), CY_BOOT: Section .cy_checksum_exclude size exceedes specified limit.)

.cyloadermeta
 *(.cyloadermeta)

.cyloadablemeta
 *(.cyloadablemeta)

.cyconfigecc    0x80000000        0x1
 *(.cyconfigecc)
 .cyconfigecc   0x80000000        0x1 .\CortexM3\ARM_GCC_541\Debug\cymetadata.o
                0x80000000                cy_meta_configecc

.cycustnvl      0x90000000        0x4
 *(.cycustnvl)
 .cycustnvl     0x90000000        0x4 .\CortexM3\ARM_GCC_541\Debug\cymetadata.o
                0x90000000                cy_meta_custnvl

.cywolatch      0x90100000        0x4
 *(.cywolatch)
 .cywolatch     0x90100000        0x4 .\CortexM3\ARM_GCC_541\Debug\cymetadata.o
                0x90100000                cy_meta_wonvl

.cyeeprom       0x90200000        0x0
 *(.cyeeprom)
                0x00000001                ASSERT ((. <= ((0x90200000 + ee_offset) + ee_size)), .cyeeprom data will not fit in EEPROM)

.cyflashprotect
                0x90400000      0x100
 *(.cyflashprotect)
 .cyflashprotect
                0x90400000      0x100 .\CortexM3\ARM_GCC_541\Debug\cymetadata.o
                0x90400000                cy_meta_flashprotect

.cymeta         0x90500000        0xc
 *(.cymeta)
 .cymeta        0x90500000        0xc .\CortexM3\ARM_GCC_541\Debug\cymetadata.o
                0x90500000                cy_metadata

.rel.dyn        0x00001020        0x0 load address 0x9050000c
 .rel.iplt      0x00001020        0x0 c:/program files (x86)/cypress/psoc creator/4.2/psoc creator/import/gnu/arm/5.4.1/bin/../lib/gcc/arm-none-eabi/5.4.1/armv7-m/crtbegin.o

.stab
 *(.stab)

.stabstr
 *(.stabstr)

.debug
 *(.debug)

.line
 *(.line)

.debug_srcinfo
 *(.debug_srcinfo)

.debug_sfnames
 *(.debug_sfnames)

.debug_aranges  0x00000000      0x6f8
 *(.debug_aranges)
 .debug_aranges
                0x00000000       0x28 .\CortexM3\ARM_GCC_541\Debug\main.o
 .debug_aranges
                0x00000028       0x60 .\CortexM3\ARM_GCC_541\Debug\cyfitter_cfg.o
 .debug_aranges
                0x00000088       0x18 .\CortexM3\ARM_GCC_541\Debug\cymetadata.o
 .debug_aranges
                0x000000a0       0x48 .\CortexM3\ARM_GCC_541\Debug\Cm3Start.o
 .debug_aranges
                0x000000e8       0x90 .\CortexM3\ARM_GCC_541\Debug\Timer01.a(Timer_1.o)
 .debug_aranges
                0x00000178       0x80 .\CortexM3\ARM_GCC_541\Debug\Timer01.a(TimerISR.o)
 .debug_aranges
                0x000001f8       0x98 .\CortexM3\ARM_GCC_541\Debug\Timer01.a(LCD.o)
 .debug_aranges
                0x00000290      0x2a0 .\CortexM3\ARM_GCC_541\Debug\Timer01.a(CyLib.o)
 .debug_aranges
                0x00000530       0x98 .\CortexM3\ARM_GCC_541\Debug\Timer01.a(cyPm.o)
 .debug_aranges
                0x000005c8       0x20 .\CortexM3\ARM_GCC_541\Debug\Timer01.a(CyBootAsmGnu.o)
 .debug_aranges
                0x000005e8       0x90 .\CortexM3\ARM_GCC_541\Debug\Timer01.a(CyFlash.o)
 .debug_aranges
                0x00000678       0x80 .\CortexM3\ARM_GCC_541\Debug\Timer01.a(CySpc.o)

.debug_pubnames
 *(.debug_pubnames)

.debug_info     0x00000000     0x2f37
 *(.debug_info .gnu.linkonce.wi.*)
 .debug_info    0x00000000      0x10a .\CortexM3\ARM_GCC_541\Debug\main.o
 .debug_info    0x0000010a      0x446 .\CortexM3\ARM_GCC_541\Debug\cyfitter_cfg.o
 .debug_info    0x00000550      0x134 .\CortexM3\ARM_GCC_541\Debug\cymetadata.o
 .debug_info    0x00000684      0x32b .\CortexM3\ARM_GCC_541\Debug\Cm3Start.o
 .debug_info    0x000009af      0x25b .\CortexM3\ARM_GCC_541\Debug\Timer01.a(Timer_1.o)
 .debug_info    0x00000c0a      0x241 .\CortexM3\ARM_GCC_541\Debug\Timer01.a(TimerISR.o)
 .debug_info    0x00000e4b      0x3cf .\CortexM3\ARM_GCC_541\Debug\Timer01.a(LCD.o)
 .debug_info    0x0000121a      0xe51 .\CortexM3\ARM_GCC_541\Debug\Timer01.a(CyLib.o)
 .debug_info    0x0000206b      0x57a .\CortexM3\ARM_GCC_541\Debug\Timer01.a(cyPm.o)
 .debug_info    0x000025e5       0x82 .\CortexM3\ARM_GCC_541\Debug\Timer01.a(CyBootAsmGnu.o)
 .debug_info    0x00002667      0x410 .\CortexM3\ARM_GCC_541\Debug\Timer01.a(CyFlash.o)
 .debug_info    0x00002a77      0x4c0 .\CortexM3\ARM_GCC_541\Debug\Timer01.a(CySpc.o)

.debug_abbrev   0x00000000      0xe5f
 *(.debug_abbrev)
 .debug_abbrev  0x00000000       0x9d .\CortexM3\ARM_GCC_541\Debug\main.o
 .debug_abbrev  0x0000009d      0x19f .\CortexM3\ARM_GCC_541\Debug\cyfitter_cfg.o
 .debug_abbrev  0x0000023c       0x5d .\CortexM3\ARM_GCC_541\Debug\cymetadata.o
 .debug_abbrev  0x00000299      0x1d6 .\CortexM3\ARM_GCC_541\Debug\Cm3Start.o
 .debug_abbrev  0x0000046f      0x11b .\CortexM3\ARM_GCC_541\Debug\Timer01.a(Timer_1.o)
 .debug_abbrev  0x0000058a      0x172 .\CortexM3\ARM_GCC_541\Debug\Timer01.a(TimerISR.o)
 .debug_abbrev  0x000006fc      0x120 .\CortexM3\ARM_GCC_541\Debug\Timer01.a(LCD.o)
 .debug_abbrev  0x0000081c      0x217 .\CortexM3\ARM_GCC_541\Debug\Timer01.a(CyLib.o)
 .debug_abbrev  0x00000a33      0x161 .\CortexM3\ARM_GCC_541\Debug\Timer01.a(cyPm.o)
 .debug_abbrev  0x00000b94       0x14 .\CortexM3\ARM_GCC_541\Debug\Timer01.a(CyBootAsmGnu.o)
 .debug_abbrev  0x00000ba8      0x14b .\CortexM3\ARM_GCC_541\Debug\Timer01.a(CyFlash.o)
 .debug_abbrev  0x00000cf3      0x16c .\CortexM3\ARM_GCC_541\Debug\Timer01.a(CySpc.o)

.debug_line     0x00000000     0x1c79
 *(.debug_line)
 .debug_line    0x00000000      0x1b4 .\CortexM3\ARM_GCC_541\Debug\main.o
 .debug_line    0x000001b4      0x1f3 .\CortexM3\ARM_GCC_541\Debug\cyfitter_cfg.o
 .debug_line    0x000003a7      0x141 .\CortexM3\ARM_GCC_541\Debug\cymetadata.o
 .debug_line    0x000004e8      0x1dc .\CortexM3\ARM_GCC_541\Debug\Cm3Start.o
 .debug_line    0x000006c4      0x170 .\CortexM3\ARM_GCC_541\Debug\Timer01.a(Timer_1.o)
 .debug_line    0x00000834      0x143 .\CortexM3\ARM_GCC_541\Debug\Timer01.a(TimerISR.o)
 .debug_line    0x00000977      0x1e1 .\CortexM3\ARM_GCC_541\Debug\Timer01.a(LCD.o)
 .debug_line    0x00000b58      0x883 .\CortexM3\ARM_GCC_541\Debug\Timer01.a(CyLib.o)
 .debug_line    0x000013db      0x38e .\CortexM3\ARM_GCC_541\Debug\Timer01.a(cyPm.o)
 .debug_line    0x00001769       0x7d .\CortexM3\ARM_GCC_541\Debug\Timer01.a(CyBootAsmGnu.o)
 .debug_line    0x000017e6      0x242 .\CortexM3\ARM_GCC_541\Debug\Timer01.a(CyFlash.o)
 .debug_line    0x00001a28      0x251 .\CortexM3\ARM_GCC_541\Debug\Timer01.a(CySpc.o)

.debug_frame    0x00000000     0x1c90
 *(.debug_frame)
 .debug_frame   0x00000000       0x50 .\CortexM3\ARM_GCC_541\Debug\main.o
 .debug_frame   0x00000050      0x16c .\CortexM3\ARM_GCC_541\Debug\cyfitter_cfg.o
 .debug_frame   0x000001bc       0xd8 .\CortexM3\ARM_GCC_541\Debug\Cm3Start.o
 .debug_frame   0x00000294      0x230 .\CortexM3\ARM_GCC_541\Debug\Timer01.a(Timer_1.o)
 .debug_frame   0x000004c4      0x1e8 .\CortexM3\ARM_GCC_541\Debug\Timer01.a(TimerISR.o)
 .debug_frame   0x000006ac      0x260 .\CortexM3\ARM_GCC_541\Debug\Timer01.a(LCD.o)
 .debug_frame   0x0000090c      0xc0c .\CortexM3\ARM_GCC_541\Debug\Timer01.a(CyLib.o)
 .debug_frame   0x00001518      0x234 .\CortexM3\ARM_GCC_541\Debug\Timer01.a(cyPm.o)
 .debug_frame   0x0000174c      0x260 .\CortexM3\ARM_GCC_541\Debug\Timer01.a(CyFlash.o)
 .debug_frame   0x000019ac      0x228 .\CortexM3\ARM_GCC_541\Debug\Timer01.a(CySpc.o)
 .debug_frame   0x00001bd4       0x20 c:/program files (x86)/cypress/psoc creator/4.2/psoc creator/import/gnu/arm/5.4.1/bin/../lib/gcc/arm-none-eabi/5.4.1/../../../../arm-none-eabi/lib/armv7-m\libg_nano.a(lib_a-errno.o)
 .debug_frame   0x00001bf4       0x28 c:/program files (x86)/cypress/psoc creator/4.2/psoc creator/import/gnu/arm/5.4.1/bin/../lib/gcc/arm-none-eabi/5.4.1/../../../../arm-none-eabi/lib/armv7-m\libg_nano.a(lib_a-exit.o)
 .debug_frame   0x00001c1c       0x2c c:/program files (x86)/cypress/psoc creator/4.2/psoc creator/import/gnu/arm/5.4.1/bin/../lib/gcc/arm-none-eabi/5.4.1/../../../../arm-none-eabi/lib/armv7-m\libg_nano.a(lib_a-init.o)
 .debug_frame   0x00001c48       0x28 c:/program files (x86)/cypress/psoc creator/4.2/psoc creator/import/gnu/arm/5.4.1/bin/../lib/gcc/arm-none-eabi/5.4.1/../../../../arm-none-eabi/lib/armv7-m\libg_nano.a(lib_a-memcpy-stub.o)
 .debug_frame   0x00001c70       0x20 c:/program files (x86)/cypress/psoc creator/4.2/psoc creator/import/gnu/arm/5.4.1/bin/../lib/gcc/arm-none-eabi/5.4.1/../../../../arm-none-eabi/lib/armv7-m\libg_nano.a(lib_a-memset.o)

.debug_str      0x00000000     0x16ec
 *(.debug_str)
 .debug_str     0x00000000      0x179 .\CortexM3\ARM_GCC_541\Debug\main.o
                                0x1c1 (size before relaxing)
 .debug_str     0x00000179      0x1b1 .\CortexM3\ARM_GCC_541\Debug\cyfitter_cfg.o
                                0x34c (size before relaxing)
 .debug_str     0x0000032a       0x7f .\CortexM3\ARM_GCC_541\Debug\cymetadata.o
                                0x1d6 (size before relaxing)
 .debug_str     0x000003a9      0x123 .\CortexM3\ARM_GCC_541\Debug\Cm3Start.o
                                0x2c9 (size before relaxing)
 .debug_str     0x000004cc      0x19f .\CortexM3\ARM_GCC_541\Debug\Timer01.a(Timer_1.o)
                                0x324 (size before relaxing)
 .debug_str     0x0000066b      0x128 .\CortexM3\ARM_GCC_541\Debug\Timer01.a(TimerISR.o)
                                0x2c2 (size before relaxing)
 .debug_str     0x00000793      0x177 .\CortexM3\ARM_GCC_541\Debug\Timer01.a(LCD.o)
                                0x30b (size before relaxing)
 .debug_str     0x0000090a      0x7d6 .\CortexM3\ARM_GCC_541\Debug\Timer01.a(CyLib.o)
                                0x9dc (size before relaxing)
 .debug_str     0x000010e0      0x371 .\CortexM3\ARM_GCC_541\Debug\Timer01.a(cyPm.o)
                                0x535 (size before relaxing)
 .debug_str     0x00001451      0x16e .\CortexM3\ARM_GCC_541\Debug\Timer01.a(CyFlash.o)
                                0x311 (size before relaxing)
 .debug_str     0x000015bf      0x12d .\CortexM3\ARM_GCC_541\Debug\Timer01.a(CySpc.o)
                                0x2f3 (size before relaxing)

.debug_loc
 *(.debug_loc)

.debug_macinfo
 *(.debug_macinfo)

.debug_ranges   0x00000000      0x620
 *(.debug_ranges)
 .debug_ranges  0x00000000       0x18 .\CortexM3\ARM_GCC_541\Debug\main.o
 .debug_ranges  0x00000018       0x50 .\CortexM3\ARM_GCC_541\Debug\cyfitter_cfg.o
 .debug_ranges  0x00000068       0x38 .\CortexM3\ARM_GCC_541\Debug\Cm3Start.o
 .debug_ranges  0x000000a0       0x80 .\CortexM3\ARM_GCC_541\Debug\Timer01.a(Timer_1.o)
 .debug_ranges  0x00000120       0x70 .\CortexM3\ARM_GCC_541\Debug\Timer01.a(TimerISR.o)
 .debug_ranges  0x00000190       0x88 .\CortexM3\ARM_GCC_541\Debug\Timer01.a(LCD.o)
 .debug_ranges  0x00000218      0x290 .\CortexM3\ARM_GCC_541\Debug\Timer01.a(CyLib.o)
 .debug_ranges  0x000004a8       0x88 .\CortexM3\ARM_GCC_541\Debug\Timer01.a(cyPm.o)
 .debug_ranges  0x00000530       0x80 .\CortexM3\ARM_GCC_541\Debug\Timer01.a(CyFlash.o)
 .debug_ranges  0x000005b0       0x70 .\CortexM3\ARM_GCC_541\Debug\Timer01.a(CySpc.o)

.comment        0x00000000       0x6e
 .comment       0x00000000       0x6e .\CortexM3\ARM_GCC_541\Debug\main.o
                                 0x6f (size before relaxing)
 .comment       0x0000006e       0x6f .\CortexM3\ARM_GCC_541\Debug\cyfitter_cfg.o
 .comment       0x0000006e       0x6f .\CortexM3\ARM_GCC_541\Debug\cymetadata.o
 .comment       0x0000006e       0x6f .\CortexM3\ARM_GCC_541\Debug\Cm3Start.o
 .comment       0x0000006e       0x6f .\CortexM3\ARM_GCC_541\Debug\Timer01.a(Timer_1.o)
 .comment       0x0000006e       0x6f .\CortexM3\ARM_GCC_541\Debug\Timer01.a(TimerISR.o)
 .comment       0x0000006e       0x6f .\CortexM3\ARM_GCC_541\Debug\Timer01.a(LCD.o)
 .comment       0x0000006e       0x6f .\CortexM3\ARM_GCC_541\Debug\Timer01.a(CyLib.o)
 .comment       0x0000006e       0x6f .\CortexM3\ARM_GCC_541\Debug\Timer01.a(cyPm.o)
 .comment       0x0000006e       0x6f .\CortexM3\ARM_GCC_541\Debug\Timer01.a(CyFlash.o)
 .comment       0x0000006e       0x6f .\CortexM3\ARM_GCC_541\Debug\Timer01.a(CySpc.o)

.debug_weaknames
 *(.debug_weaknames)

.debug_funcnames
 *(.debug_funcnames)

.debug_typenames
 *(.debug_typenames)

.debug_varnames
 *(.debug_varnames)

.note.gnu.arm.ident
 *(.note.gnu.arm.ident)

.ARM.attributes
                0x00000000       0x29
 *(.ARM.attributes)
 .ARM.attributes
                0x00000000       0x1d c:/program files (x86)/cypress/psoc creator/4.2/psoc creator/import/gnu/arm/5.4.1/bin/../lib/gcc/arm-none-eabi/5.4.1/armv7-m/crti.o
 .ARM.attributes
                0x0000001d       0x2d c:/program files (x86)/cypress/psoc creator/4.2/psoc creator/import/gnu/arm/5.4.1/bin/../lib/gcc/arm-none-eabi/5.4.1/armv7-m/crtbegin.o
 .ARM.attributes
                0x0000004a       0x1b c:/program files (x86)/cypress/psoc creator/4.2/psoc creator/import/gnu/arm/5.4.1/bin/../lib/gcc/arm-none-eabi/5.4.1/../../../../arm-none-eabi/lib/armv7-m/crt0.o
 .ARM.attributes
                0x00000065       0x33 .\CortexM3\ARM_GCC_541\Debug\main.o
 .ARM.attributes
                0x00000098       0x33 .\CortexM3\ARM_GCC_541\Debug\cyfitter_cfg.o
 .ARM.attributes
                0x000000cb       0x33 .\CortexM3\ARM_GCC_541\Debug\cymetadata.o
 .ARM.attributes
                0x000000fe       0x33 .\CortexM3\ARM_GCC_541\Debug\Cm3Start.o
 .ARM.attributes
                0x00000131       0x33 .\CortexM3\ARM_GCC_541\Debug\Timer01.a(Timer_1.o)
 .ARM.attributes
                0x00000164       0x33 .\CortexM3\ARM_GCC_541\Debug\Timer01.a(TimerISR.o)
 .ARM.attributes
                0x00000197       0x33 .\CortexM3\ARM_GCC_541\Debug\Timer01.a(LCD.o)
 .ARM.attributes
                0x000001ca       0x33 .\CortexM3\ARM_GCC_541\Debug\Timer01.a(CyLib.o)
 .ARM.attributes
                0x000001fd       0x33 .\CortexM3\ARM_GCC_541\Debug\Timer01.a(cyPm.o)
 .ARM.attributes
                0x00000230       0x21 .\CortexM3\ARM_GCC_541\Debug\Timer01.a(CyBootAsmGnu.o)
 .ARM.attributes
                0x00000251       0x33 .\CortexM3\ARM_GCC_541\Debug\Timer01.a(CyFlash.o)
 .ARM.attributes
                0x00000284       0x33 .\CortexM3\ARM_GCC_541\Debug\Timer01.a(CySpc.o)
 .ARM.attributes
                0x000002b7       0x2d c:/program files (x86)/cypress/psoc creator/4.2/psoc creator/import/gnu/arm/5.4.1/bin/../lib/gcc/arm-none-eabi/5.4.1/../../../../arm-none-eabi/lib/armv7-m\libg_nano.a(lib_a-errno.o)
 .ARM.attributes
                0x000002e4       0x2d c:/program files (x86)/cypress/psoc creator/4.2/psoc creator/import/gnu/arm/5.4.1/bin/../lib/gcc/arm-none-eabi/5.4.1/../../../../arm-none-eabi/lib/armv7-m\libg_nano.a(lib_a-exit.o)
 .ARM.attributes
                0x00000311       0x2d c:/program files (x86)/cypress/psoc creator/4.2/psoc creator/import/gnu/arm/5.4.1/bin/../lib/gcc/arm-none-eabi/5.4.1/../../../../arm-none-eabi/lib/armv7-m\libg_nano.a(lib_a-impure.o)
 .ARM.attributes
                0x0000033e       0x2d c:/program files (x86)/cypress/psoc creator/4.2/psoc creator/import/gnu/arm/5.4.1/bin/../lib/gcc/arm-none-eabi/5.4.1/../../../../arm-none-eabi/lib/armv7-m\libg_nano.a(lib_a-init.o)
 .ARM.attributes
                0x0000036b       0x2d c:/program files (x86)/cypress/psoc creator/4.2/psoc creator/import/gnu/arm/5.4.1/bin/../lib/gcc/arm-none-eabi/5.4.1/../../../../arm-none-eabi/lib/armv7-m\libg_nano.a(lib_a-memcpy-stub.o)
 .ARM.attributes
                0x00000398       0x2d c:/program files (x86)/cypress/psoc creator/4.2/psoc creator/import/gnu/arm/5.4.1/bin/../lib/gcc/arm-none-eabi/5.4.1/../../../../arm-none-eabi/lib/armv7-m\libg_nano.a(lib_a-memset.o)
 .ARM.attributes
                0x000003c5       0x2d c:/program files (x86)/cypress/psoc creator/4.2/psoc creator/import/gnu/arm/5.4.1/bin/../lib/gcc/arm-none-eabi/5.4.1/armv7-m/crtend.o
 .ARM.attributes
                0x000003f2       0x1d c:/program files (x86)/cypress/psoc creator/4.2/psoc creator/import/gnu/arm/5.4.1/bin/../lib/gcc/arm-none-eabi/5.4.1/armv7-m/crtn.o

/DISCARD/
 *(.note.GNU-stack)
OUTPUT(C:\Users\jespe\Downloads\DC-Motor-PWM\Timer01.cydsn\CortexM3\ARM_GCC_541\Debug\Timer01.elf elf32-littlearm)
